rotation degree=24 key=area_1 stage=form
rotation degree=24 key=area_1 stage=assemble
rotation degree=24 key=area_2 stage=form
rotation degree=24 key=area_2 stage=assemble
rotation degree=24 key=area_3 stage=form
rotation degree=24 key=area_3 stage=assemble
rotation degree=24 key=area_4 stage=form
rotation degree=24 key=area_4 stage=assemble
rotation degree=24 key=area_5 stage=form
rotation degree=24 key=area_5 stage=assemble
rotation degree=24 key=area_6 stage=form
rotation degree=24 key=area_6 stage=assemble
rotation degree=24 key=convection_l2_squared stage=form
rotation degree=24 key=convection_l2_squared stage=assemble
rotation degree=24 key=divergence_l2_squared stage=form
rotation degree=24 key=divergence_l2_squared stage=assemble
rotation degree=24 key=gradient_l2_squared stage=form
rotation degree=24 key=gradient_l2_squared stage=assemble
rotation degree=24 key=momentum_residual_l2_squared stage=form
rotation degree=24 key=momentum_residual_l2_squared stage=assemble
rotation degree=24 key=normal_1_0 stage=form
rotation degree=24 key=normal_1_0 stage=assemble
rotation degree=24 key=normal_1_1 stage=form
rotation degree=24 key=normal_1_1 stage=assemble
rotation degree=24 key=normal_1_2 stage=form
rotation degree=24 key=normal_1_2 stage=assemble
rotation degree=24 key=normal_2_0 stage=form
rotation degree=24 key=normal_2_0 stage=assemble
rotation degree=24 key=normal_2_1 stage=form
rotation degree=24 key=normal_2_1 stage=assemble
rotation degree=24 key=normal_2_2 stage=form
rotation degree=24 key=normal_2_2 stage=assemble
rotation degree=24 key=normal_3_0 stage=form
rotation degree=24 key=normal_3_0 stage=assemble
rotation degree=24 key=normal_3_1 stage=form
rotation degree=24 key=normal_3_1 stage=assemble
rotation degree=24 key=normal_3_2 stage=form
rotation degree=24 key=normal_3_2 stage=assemble
rotation degree=24 key=normal_4_0 stage=form
rotation degree=24 key=normal_4_0 stage=assemble
rotation degree=24 key=normal_4_1 stage=form
rotation degree=24 key=normal_4_1 stage=assemble
rotation degree=24 key=normal_4_2 stage=form
rotation degree=24 key=normal_4_2 stage=assemble
rotation degree=24 key=normal_5_0 stage=form
rotation degree=24 key=normal_5_0 stage=assemble
rotation degree=24 key=normal_5_1 stage=form
rotation degree=24 key=normal_5_1 stage=assemble
rotation degree=24 key=normal_5_2 stage=form
rotation degree=24 key=normal_5_2 stage=assemble
rotation degree=24 key=normal_6_0 stage=form
rotation degree=24 key=normal_6_0 stage=assemble
rotation degree=24 key=normal_6_1 stage=form
rotation degree=24 key=normal_6_1 stage=assemble
rotation degree=24 key=normal_6_2 stage=form
rotation degree=24 key=normal_6_2 stage=assemble
rotation degree=24 key=pressure_gradient_l2_squared stage=form
rotation degree=24 key=pressure_gradient_l2_squared stage=assemble
rotation degree=24 key=pressure_l2_squared stage=form
rotation degree=24 key=pressure_l2_squared stage=assemble
rotation degree=24 key=pressure_mean stage=form
rotation degree=24 key=pressure_mean stage=assemble
rotation degree=24 key=strain_l2_squared stage=form
rotation degree=24 key=strain_l2_squared stage=assemble
rotation degree=24 key=total_traction_boundary_l2_squared stage=form
rotation degree=24 key=total_traction_boundary_l2_squared stage=assemble
rotation degree=24 key=velocity_l2_squared stage=form
rotation degree=24 key=velocity_l2_squared stage=assemble
rotation degree=24 key=viscous_dissipation stage=form
rotation degree=24 key=viscous_dissipation stage=assemble
rotation degree=24 key=viscous_stress_l2_squared stage=form
rotation degree=24 key=viscous_stress_l2_squared stage=assemble
rotation degree=24 key=viscous_traction_boundary_l2_squared stage=form
rotation degree=24 key=viscous_traction_boundary_l2_squared stage=assemble
rotation degree=24 key=volume stage=form
rotation degree=24 key=volume stage=assemble
rotation degree=26 key=area_1 stage=form
rotation degree=26 key=area_1 stage=assemble
rotation degree=26 key=area_2 stage=form
rotation degree=26 key=area_2 stage=assemble
rotation degree=26 key=area_3 stage=form
rotation degree=26 key=area_3 stage=assemble
rotation degree=26 key=area_4 stage=form
rotation degree=26 key=area_4 stage=assemble
rotation degree=26 key=area_5 stage=form
rotation degree=26 key=area_5 stage=assemble
rotation degree=26 key=area_6 stage=form
rotation degree=26 key=area_6 stage=assemble
rotation degree=26 key=convection_l2_squared stage=form
rotation degree=26 key=convection_l2_squared stage=assemble
rotation degree=26 key=divergence_l2_squared stage=form
rotation degree=26 key=divergence_l2_squared stage=assemble
rotation degree=26 key=gradient_l2_squared stage=form
rotation degree=26 key=gradient_l2_squared stage=assemble
rotation degree=26 key=momentum_residual_l2_squared stage=form
rotation degree=26 key=momentum_residual_l2_squared stage=assemble
rotation degree=26 key=normal_1_0 stage=form
rotation degree=26 key=normal_1_0 stage=assemble
rotation degree=26 key=normal_1_1 stage=form
rotation degree=26 key=normal_1_1 stage=assemble
rotation degree=26 key=normal_1_2 stage=form
rotation degree=26 key=normal_1_2 stage=assemble
rotation degree=26 key=normal_2_0 stage=form
rotation degree=26 key=normal_2_0 stage=assemble
rotation degree=26 key=normal_2_1 stage=form
rotation degree=26 key=normal_2_1 stage=assemble
rotation degree=26 key=normal_2_2 stage=form
rotation degree=26 key=normal_2_2 stage=assemble
rotation degree=26 key=normal_3_0 stage=form
rotation degree=26 key=normal_3_0 stage=assemble
rotation degree=26 key=normal_3_1 stage=form
rotation degree=26 key=normal_3_1 stage=assemble
rotation degree=26 key=normal_3_2 stage=form
rotation degree=26 key=normal_3_2 stage=assemble
rotation degree=26 key=normal_4_0 stage=form
rotation degree=26 key=normal_4_0 stage=assemble
rotation degree=26 key=normal_4_1 stage=form
rotation degree=26 key=normal_4_1 stage=assemble
rotation degree=26 key=normal_4_2 stage=form
rotation degree=26 key=normal_4_2 stage=assemble
rotation degree=26 key=normal_5_0 stage=form
rotation degree=26 key=normal_5_0 stage=assemble
rotation degree=26 key=normal_5_1 stage=form
rotation degree=26 key=normal_5_1 stage=assemble
rotation degree=26 key=normal_5_2 stage=form
rotation degree=26 key=normal_5_2 stage=assemble
rotation degree=26 key=normal_6_0 stage=form
rotation degree=26 key=normal_6_0 stage=assemble
rotation degree=26 key=normal_6_1 stage=form
rotation degree=26 key=normal_6_1 stage=assemble
rotation degree=26 key=normal_6_2 stage=form
rotation degree=26 key=normal_6_2 stage=assemble
rotation degree=26 key=pressure_gradient_l2_squared stage=form
rotation degree=26 key=pressure_gradient_l2_squared stage=assemble
rotation degree=26 key=pressure_l2_squared stage=form
rotation degree=26 key=pressure_l2_squared stage=assemble
rotation degree=26 key=pressure_mean stage=form
rotation degree=26 key=pressure_mean stage=assemble
rotation degree=26 key=strain_l2_squared stage=form
rotation degree=26 key=strain_l2_squared stage=assemble
rotation degree=26 key=total_traction_boundary_l2_squared stage=form
rotation degree=26 key=total_traction_boundary_l2_squared stage=assemble
rotation degree=26 key=velocity_l2_squared stage=form
rotation degree=26 key=velocity_l2_squared stage=assemble
rotation degree=26 key=viscous_dissipation stage=form
rotation degree=26 key=viscous_dissipation stage=assemble
rotation degree=26 key=viscous_stress_l2_squared stage=form
rotation degree=26 key=viscous_stress_l2_squared stage=assemble
rotation degree=26 key=viscous_traction_boundary_l2_squared stage=form
rotation degree=26 key=viscous_traction_boundary_l2_squared stage=assemble
rotation degree=26 key=volume stage=form
rotation degree=26 key=volume stage=assemble
