Create new environment


/tmp/navier-r227-restore/bin/micromamba create [OPTIONS] [specs...]


POSITIONALS:
  specs SPECS                 Specs to install into the environment

OPTIONS:
  -h,     --help              Print this help message and exit
  -c,     --channel CHANNEL   Define the list of channels
          --override-channels Override channels
          --channel-priority ENUM:value in {disabled->0,flexible->1,strict->2} OR {0,1,2} 
                              Define the channel priority ('strict' or 'disabled')
          --channel-alias URL The prepended url location to associate with channel names
          --strict-channel-priority 
                              Enable strict channel priority
          --no-channel-priority 
                              Disable channel priority
          --skip-run-link-scripts, --run-link-scripts{false} 
                              Whether pre/post-un/link scripts will be skipped. Defaults to
                              false.
  -f,     --file FILE         File providing package specifications (yaml, explicit or plain,
                              or json)
          --no-pin, --pin{false} 
                              Ignore pinned packages
          --no-py-pin, --py-pin{false} 
                              Do not automatically pin Python
          --pyc, --no-pyc{false} 
                              Defines if PYC files will be compiled or not
          --allow-uninstall, --no-allow-uninstall{false} 
                              Allow uninstall when installing or updating packages. Default is
                              true.
          --allow-downgrade, --no-allow-downgrade{false} 
                              Allow downgrade when installing packages. Default is false.
          --allow-softlinks, --no-allow-softlinks{false} 
                              Allow to use soft-links when hard-links are not possible
          --always-softlink, --no-always-softlink{false} 
                              Use soft-link instead of hard-link
          --always-copy, --copy, --no-always-copy{false} 
                              Use copy instead of hard-link
          --lock-timeout UINT Lockfile timeout
          --shortcuts, --no-shortcuts{false} 
                              Install start-menu shortcuts on Windows (not implemented on Linux
                              / macOS)
          --safety-checks ENUM:value in {disabled->0,enabled->2,warn->1} OR {0,2,1} 
                              Safety checks policy ('enabled', 'warn', or 'disabled')
          --extra-safety-checks, --no-extra-safety-checks{false} 
                              Run extra verifications on packages
          --verify-artifacts  Run verifications on packages signatures.
                              This is still experimental and may not be stable yet.

          --trusted-channels CHANNEL1 CHANNEL2... 
                              The list of trusted channels allowing artifacts verification.
                              See `verify-artifacts` for more details.

          --mamba-repodata-parsing, --no-mamba-repodata-parsing{false} 
                              Enable parsing of `repodata.json` using simdjson.
                              Default is `true`. `false` means libsolv is used.

          --platform PLATFORM The platform description
          --no-deps           Do not install dependencies. This WILL lead to broken
                              environments and inconsistent behavior. Use at your own risk
          --only-deps         Only install dependencies
          --category CAT1 CAT2... 
                              Categories of package to install from environment lockfile
          --clone ENV         Create new environment as clone of an existing one

Configuration options:
          --rc-file FILE1 FILE2... 
                              Paths to the configuration files to use
          --no-rc             Disable the use of configuration files
          --no-env            Disable the use of environment variables

Global options:
  -v,     --verbose           Set verbosity (higher verbosity with multiple -v, e.g. -vvv)
          --log-level ENUM:value in {critical->5,debug->1,error->4,info->2,off->6,trace->0,warning->3} OR {5,1,4,2,6,0,3} 
                              Set the log level
  -q,     --quiet             Set quiet mode (print less output). Implicitly bypasses prompts
                              as if `--yes` was used.
  -y,     --yes               Automatically answer yes on prompted questions
          --json              Report all output as json. Implicitly bypasses prompts as if
                              `--yes` was used.
          --offline           Force use cached repodata
          --dry-run           Only display what would have been done
          --download-only     Only download and extract packages, do not link them into
                              environment.
          --use-uv            Whether to use uv for installing pip dependencies. Defaults to
                              false.

Prefix options:
  -r,     --root-prefix PATH  Path to the root prefix
  -p,     --prefix PATH       Path to the target prefix
          --relocate-prefix PATH 
                              Path to the relocation prefix
  -n,     --name NAME         Name of the target prefix

Network options:
          --ssl-verify '<false>' or PATH 
                              Verify SSL certificates for HTTPS requests
          --ssl-no-revoke     SSL certificate revocation checks
          --cacert-path PATH  Path (file or directory) SSL certificate(s)
          --repodata-ttl UINT Repodata time-to-live
          --retry-clean-cache If solve fails, try to fetch updated repodata
