{
  "status": "passed",
  "scope": "saved data, identities, arithmetic and documentation; no FEM imports",
  "archived_artifacts": 72,
  "production_identities": 19,
  "historical_files_preserved": 358,
  "exact_R019_runner_sources": 7,
  "historical_audits_reexecuted": 4,
  "toy_status": "passed",
  "toy_total_seconds": 5.630006264982512,
  "toy_peak_rss_mib": 144.60546875,
  "physical_status": "partial_failed",
  "physical_stage": "A_32_primary_rhs_compatibility",
  "physical_seconds": 59.972154446004424,
  "physical_peak_rss_mib": 756.99609375,
  "physical_meshes": 1,
  "primary_solves": 1,
  "correction_solves": 1,
  "factorizations": 1,
  "matrix_solves": 2,
  "matched_trace_solves": 0,
  "P_outputs_exactly_reproduce_R016": true,
  "A32_compatibility": "failed; preserved, no solve",
  "A64_compatibility": "not measured",
  "continuity_correction_verified": true,
  "syntax_checks": 12,
  "finite_json_files": 40,
  "markdown_files": 9,
  "local_links_and_anchors": 119,
  "fenced_blocks": 18,
  "audit_sha256": "533eadbf9bc7a1e0b2159fa659715bb6293ef1a850cb918b8c1b371f51f14aed"
}
