{
  "scope": "synthetic watchdog validation; no mesh/PDE work",
  "timeout": {
    "command": [
      "/tmp/navier-fenicsx/bin/python",
      "-c",
      "import time; time.sleep(3)"
    ],
    "returncode": -9,
    "elapsed_seconds": 0.15788267899188213,
    "parent_observed_peak_rss_mib": 8.76953125,
    "samples": 4,
    "nominal_poll_seconds": 0.05,
    "maximum_sample_gap_seconds": 0.05514383301488124,
    "largest_observed_process_tree": 1,
    "stop_reason": "wall_time_limit",
    "per_process_at_peak": [
      {
        "pid": 340377,
        "name": "python",
        "executable": "/tmp/navier-fenicsx/bin/python3.12",
        "rss_mib": 8.76953125
      }
    ],
    "per_process_at_stop": [
      {
        "pid": 340377,
        "name": "python",
        "executable": "/tmp/navier-fenicsx/bin/python3.12",
        "rss_mib": 8.76953125
      }
    ]
  },
  "memory": {
    "command": [
      "/tmp/navier-fenicsx/bin/python",
      "-c",
      "import subprocess,sys,time; subprocess.Popen([sys.executable,\"-c\",'import time; data=bytearray(32*1024**2); time.sleep(3)']); time.sleep(3)"
    ],
    "returncode": -9,
    "elapsed_seconds": 0.05885138700250536,
    "parent_observed_peak_rss_mib": 52.27734375,
    "samples": 2,
    "nominal_poll_seconds": 0.05,
    "maximum_sample_gap_seconds": 0.05310497200116515,
    "largest_observed_process_tree": 2,
    "stop_reason": "rss_limit",
    "per_process_at_peak": [
      {
        "pid": 340379,
        "name": "python",
        "executable": "/tmp/navier-fenicsx/bin/python3.12",
        "rss_mib": 40.9375
      },
      {
        "pid": 340378,
        "name": "python",
        "executable": "/tmp/navier-fenicsx/bin/python3.12",
        "rss_mib": 11.33984375
      }
    ],
    "per_process_at_stop": [
      {
        "pid": 340379,
        "name": "python",
        "executable": "/tmp/navier-fenicsx/bin/python3.12",
        "rss_mib": 40.9375
      },
      {
        "pid": 340378,
        "name": "python",
        "executable": "/tmp/navier-fenicsx/bin/python3.12",
        "rss_mib": 11.33984375
      }
    ]
  }
}
